#-----------------------------------------------------------
# Vivado v2024.2 (64-bit)
# SW Build 5239630 on Fri Nov 08 22:35:27 MST 2024
# IP Build 5239520 on Sun Nov 10 16:12:51 MST 2024
# SharedData Build 5239561 on Fri Nov 08 14:39:27 MST 2024
# Start of session at: Fri Mar 14 14:28:35 2025
# Process ID         : 15684
# Current directory  : C:/Users/young/OneDrive/Documents/- Hardware Labs/digital_systems-verilog/ecen340/Lab9_Multiplier_Timing_and_Speed_Improvement/Pipelining_Lab/Pipelining_Lab.runs/impl_1
# Command line       : vivado.exe -log memory_top.vdi -applog -product Vivado -messageDb vivado.pb -mode batch -source memory_top.tcl -notrace
# Log file           : C:/Users/young/OneDrive/Documents/- Hardware Labs/digital_systems-verilog/ecen340/Lab9_Multiplier_Timing_and_Speed_Improvement/Pipelining_Lab/Pipelining_Lab.runs/impl_1/memory_top.vdi
# Journal file       : C:/Users/young/OneDrive/Documents/- Hardware Labs/digital_systems-verilog/ecen340/Lab9_Multiplier_Timing_and_Speed_Improvement/Pipelining_Lab/Pipelining_Lab.runs/impl_1\vivado.jou
# Running On         : Brodrics_laptop
# Platform           : Windows Server 2016 or Windows 10
# Operating System   : 26100
# Processor Detail   : Intel(R) Core(TM) i7-8565U CPU @ 1.80GHz
# CPU Frequency      : 1992 MHz
# CPU Physical cores : 4
# CPU Logical cores  : 8
# Host memory        : 8465 MB
# Swap memory        : 12884 MB
# Total Virtual      : 21349 MB
# Available Virtual  : 11194 MB
#-----------------------------------------------------------
source memory_top.tcl -notrace
